// Jest Snapshot v1, https://goo.gl/fbAQLP

exports[`CountrySelectComponent it renders countrySelectComponent 1`] = `ShallowWrapper {}`;
